2019-09-16 00:16:05.496  INFO 6456 --- [http-nio-8080-exec-2] com.zaxxer.hikari.HikariDataSource       : HikariPool-1 - Starting...
2019-09-16 00:16:10.485  INFO 6456 --- [http-nio-8080-exec-2] com.zaxxer.hikari.pool.PoolBase          : HikariPool-1 - Driver does not support get/set network timeout for connections. (oracle.jdbc.driver.T4CConnection.getNetworkTimeout()I)
2019-09-16 00:16:10.521  INFO 6456 --- [http-nio-8080-exec-2] com.zaxxer.hikari.HikariDataSource       : HikariPool-1 - Start completed.
2019-09-16 01:11:45.768  INFO 6456 --- [RMI TCP Connection(2)-127.0.0.1] inMXBeanRegistrar$SpringApplicationAdmin : Application shutdown requested.
2019-09-16 01:11:45.832  INFO 6456 --- [RMI TCP Connection(2)-127.0.0.1] o.s.s.concurrent.ThreadPoolTaskExecutor  : Shutting down ExecutorService 'applicationTaskExecutor'
2019-09-16 01:11:45.839  INFO 6456 --- [RMI TCP Connection(2)-127.0.0.1] com.zaxxer.hikari.HikariDataSource       : HikariPool-1 - Shutdown initiated...
2019-09-16 01:11:45.980  INFO 6456 --- [RMI TCP Connection(2)-127.0.0.1] com.zaxxer.hikari.HikariDataSource       : HikariPool-1 - Shutdown completed.
2019-09-16 01:11:53.033  INFO 4500 --- [main] com.CurdApiApplication                   : Starting CurdApiApplication on sagar with PID 4500 (E:\spring\CURD-API\target\classes started by rahul in E:\spring\CURD-API)
2019-09-16 01:11:53.041  INFO 4500 --- [main] com.CurdApiApplication                   : No active profile set, falling back to default profiles: default
2019-09-16 01:11:57.406  INFO 4500 --- [main] trationDelegate$BeanPostProcessorChecker : Bean 'org.springframework.ws.config.annotation.DelegatingWsConfiguration' of type [org.springframework.ws.config.annotation.DelegatingWsConfiguration$$EnhancerBySpringCGLIB$$48193532] is not eligible for getting processed by all BeanPostProcessors (for example: not eligible for auto-proxying)
2019-09-16 01:11:57.471  INFO 4500 --- [main] .w.s.a.s.AnnotationActionEndpointMapping : Supporting [WS-Addressing August 2004, WS-Addressing 1.0]
2019-09-16 01:11:57.492  INFO 4500 --- [main] trationDelegate$BeanPostProcessorChecker : Bean 'org.springframework.transaction.annotation.ProxyTransactionManagementConfiguration' of type [org.springframework.transaction.annotation.ProxyTransactionManagementConfiguration$$EnhancerBySpringCGLIB$$a3817033] is not eligible for getting processed by all BeanPostProcessors (for example: not eligible for auto-proxying)
2019-09-16 01:11:58.032  INFO 4500 --- [main] o.s.b.w.embedded.tomcat.TomcatWebServer  : Tomcat initialized with port(s): 8080 (http)
2019-09-16 01:11:58.088  INFO 4500 --- [main] o.apache.catalina.core.StandardService   : Starting service [Tomcat]
2019-09-16 01:11:58.088  INFO 4500 --- [main] org.apache.catalina.core.StandardEngine  : Starting Servlet engine: [Apache Tomcat/9.0.24]
2019-09-16 01:11:58.357  INFO 4500 --- [main] o.a.c.c.C.[Tomcat].[localhost].[/]       : Initializing Spring embedded WebApplicationContext
2019-09-16 01:11:58.358  INFO 4500 --- [main] o.s.web.context.ContextLoader            : Root WebApplicationContext: initialization completed in 5156 ms
2019-09-16 01:11:59.654  INFO 4500 --- [main] o.s.s.concurrent.ThreadPoolTaskExecutor  : Initializing ExecutorService 'applicationTaskExecutor'
2019-09-16 01:12:00.091  INFO 4500 --- [main] d.s.w.p.DocumentationPluginsBootstrapper : Context refreshed
2019-09-16 01:12:00.120  INFO 4500 --- [main] d.s.w.p.DocumentationPluginsBootstrapper : Found 1 custom documentation plugin(s)
2019-09-16 01:12:00.150  INFO 4500 --- [main] s.d.s.w.s.ApiListingReferenceScanner     : Scanning for api listing references
2019-09-16 01:12:01.116  INFO 4500 --- [main] o.s.b.w.embedded.tomcat.TomcatWebServer  : Tomcat started on port(s): 8080 (http) with context path ''
2019-09-16 01:12:01.125  INFO 4500 --- [main] com.CurdApiApplication                   : Started CurdApiApplication in 8.903 seconds (JVM running for 10.341)
2019-09-16 01:12:07.261  INFO 4500 --- [http-nio-8080-exec-1] o.a.c.c.C.[Tomcat].[localhost].[/]       : Initializing Spring DispatcherServlet 'dispatcherServlet'
2019-09-16 01:12:07.262  INFO 4500 --- [http-nio-8080-exec-1] o.s.web.servlet.DispatcherServlet        : Initializing Servlet 'dispatcherServlet'
2019-09-16 01:12:07.281  INFO 4500 --- [http-nio-8080-exec-1] o.s.web.servlet.DispatcherServlet        : Completed initialization in 19 ms
2019-09-16 01:15:34.717  INFO 4500 --- [http-nio-8080-exec-1] com.zaxxer.hikari.HikariDataSource       : HikariPool-1 - Starting...
2019-09-16 01:15:35.638  INFO 4500 --- [http-nio-8080-exec-1] com.zaxxer.hikari.pool.PoolBase          : HikariPool-1 - Driver does not support get/set network timeout for connections. (oracle.jdbc.driver.T4CConnection.getNetworkTimeout()I)
2019-09-16 01:15:35.646  INFO 4500 --- [http-nio-8080-exec-1] com.zaxxer.hikari.HikariDataSource       : HikariPool-1 - Start completed.
2019-09-16 01:20:11.955  INFO 4500 --- [RMI TCP Connection(2)-127.0.0.1] inMXBeanRegistrar$SpringApplicationAdmin : Application shutdown requested.
2019-09-16 01:20:11.965  INFO 4500 --- [RMI TCP Connection(2)-127.0.0.1] o.s.s.concurrent.ThreadPoolTaskExecutor  : Shutting down ExecutorService 'applicationTaskExecutor'
2019-09-16 01:20:11.971  INFO 4500 --- [RMI TCP Connection(2)-127.0.0.1] com.zaxxer.hikari.HikariDataSource       : HikariPool-1 - Shutdown initiated...
2019-09-16 01:20:12.051  INFO 4500 --- [RMI TCP Connection(2)-127.0.0.1] com.zaxxer.hikari.HikariDataSource       : HikariPool-1 - Shutdown completed.
2019-09-16 01:20:17.310  INFO 7736 --- [main] com.CurdApiApplication                   : Starting CurdApiApplication on sagar with PID 7736 (E:\spring\CURD-API\target\classes started by rahul in E:\spring\CURD-API)
2019-09-16 01:20:17.318  INFO 7736 --- [main] com.CurdApiApplication                   : No active profile set, falling back to default profiles: default
2019-09-16 01:20:21.488  INFO 7736 --- [main] trationDelegate$BeanPostProcessorChecker : Bean 'org.springframework.ws.config.annotation.DelegatingWsConfiguration' of type [org.springframework.ws.config.annotation.DelegatingWsConfiguration$$EnhancerBySpringCGLIB$$296f1928] is not eligible for getting processed by all BeanPostProcessors (for example: not eligible for auto-proxying)
2019-09-16 01:20:21.554  INFO 7736 --- [main] .w.s.a.s.AnnotationActionEndpointMapping : Supporting [WS-Addressing August 2004, WS-Addressing 1.0]
2019-09-16 01:20:21.575  INFO 7736 --- [main] trationDelegate$BeanPostProcessorChecker : Bean 'org.springframework.transaction.annotation.ProxyTransactionManagementConfiguration' of type [org.springframework.transaction.annotation.ProxyTransactionManagementConfiguration$$EnhancerBySpringCGLIB$$84d75429] is not eligible for getting processed by all BeanPostProcessors (for example: not eligible for auto-proxying)
2019-09-16 01:20:22.124  INFO 7736 --- [main] o.s.b.w.embedded.tomcat.TomcatWebServer  : Tomcat initialized with port(s): 8080 (http)
2019-09-16 01:20:22.188  INFO 7736 --- [main] o.apache.catalina.core.StandardService   : Starting service [Tomcat]
2019-09-16 01:20:22.189  INFO 7736 --- [main] org.apache.catalina.core.StandardEngine  : Starting Servlet engine: [Apache Tomcat/9.0.24]
2019-09-16 01:20:22.462  INFO 7736 --- [main] o.a.c.c.C.[Tomcat].[localhost].[/]       : Initializing Spring embedded WebApplicationContext
2019-09-16 01:20:22.463  INFO 7736 --- [main] o.s.web.context.ContextLoader            : Root WebApplicationContext: initialization completed in 5052 ms
2019-09-16 01:20:23.803  INFO 7736 --- [main] o.s.s.concurrent.ThreadPoolTaskExecutor  : Initializing ExecutorService 'applicationTaskExecutor'
2019-09-16 01:20:24.261  INFO 7736 --- [main] d.s.w.p.DocumentationPluginsBootstrapper : Context refreshed
2019-09-16 01:20:24.296  INFO 7736 --- [main] d.s.w.p.DocumentationPluginsBootstrapper : Found 1 custom documentation plugin(s)
2019-09-16 01:20:24.324  INFO 7736 --- [main] s.d.s.w.s.ApiListingReferenceScanner     : Scanning for api listing references
2019-09-16 01:20:25.115  INFO 7736 --- [main] o.s.b.w.embedded.tomcat.TomcatWebServer  : Tomcat started on port(s): 8080 (http) with context path ''
2019-09-16 01:20:25.122  INFO 7736 --- [main] com.CurdApiApplication                   : Started CurdApiApplication in 8.532 seconds (JVM running for 10.595)
2019-09-16 01:20:34.429  INFO 7736 --- [http-nio-8080-exec-1] o.a.c.c.C.[Tomcat].[localhost].[/]       : Initializing Spring DispatcherServlet 'dispatcherServlet'
2019-09-16 01:20:34.430  INFO 7736 --- [http-nio-8080-exec-1] o.s.web.servlet.DispatcherServlet        : Initializing Servlet 'dispatcherServlet'
2019-09-16 01:20:34.451  INFO 7736 --- [http-nio-8080-exec-1] o.s.web.servlet.DispatcherServlet        : Completed initialization in 20 ms
2019-09-16 01:28:48.997  INFO 7736 --- [RMI TCP Connection(2)-127.0.0.1] inMXBeanRegistrar$SpringApplicationAdmin : Application shutdown requested.
2019-09-16 01:28:49.007  INFO 7736 --- [RMI TCP Connection(2)-127.0.0.1] o.s.s.concurrent.ThreadPoolTaskExecutor  : Shutting down ExecutorService 'applicationTaskExecutor'
2019-09-16 01:28:53.937  INFO 4064 --- [main] com.CurdApiApplication                   : Starting CurdApiApplication on sagar with PID 4064 (E:\spring\CURD-API\target\classes started by rahul in E:\spring\CURD-API)
2019-09-16 01:28:53.947  INFO 4064 --- [main] com.CurdApiApplication                   : No active profile set, falling back to default profiles: default
2019-09-16 01:28:58.053  INFO 4064 --- [main] trationDelegate$BeanPostProcessorChecker : Bean 'org.springframework.ws.config.annotation.DelegatingWsConfiguration' of type [org.springframework.ws.config.annotation.DelegatingWsConfiguration$$EnhancerBySpringCGLIB$$88cd0f40] is not eligible for getting processed by all BeanPostProcessors (for example: not eligible for auto-proxying)
2019-09-16 01:28:58.118  INFO 4064 --- [main] .w.s.a.s.AnnotationActionEndpointMapping : Supporting [WS-Addressing August 2004, WS-Addressing 1.0]
2019-09-16 01:28:58.139  INFO 4064 --- [main] trationDelegate$BeanPostProcessorChecker : Bean 'org.springframework.transaction.annotation.ProxyTransactionManagementConfiguration' of type [org.springframework.transaction.annotation.ProxyTransactionManagementConfiguration$$EnhancerBySpringCGLIB$$e4354a41] is not eligible for getting processed by all BeanPostProcessors (for example: not eligible for auto-proxying)
2019-09-16 01:28:58.672  INFO 4064 --- [main] o.s.b.w.embedded.tomcat.TomcatWebServer  : Tomcat initialized with port(s): 8080 (http)
2019-09-16 01:28:58.730  INFO 4064 --- [main] o.apache.catalina.core.StandardService   : Starting service [Tomcat]
2019-09-16 01:28:58.731  INFO 4064 --- [main] org.apache.catalina.core.StandardEngine  : Starting Servlet engine: [Apache Tomcat/9.0.24]
2019-09-16 01:28:58.969  INFO 4064 --- [main] o.a.c.c.C.[Tomcat].[localhost].[/]       : Initializing Spring embedded WebApplicationContext
2019-09-16 01:28:58.970  INFO 4064 --- [main] o.s.web.context.ContextLoader            : Root WebApplicationContext: initialization completed in 4911 ms
2019-09-16 01:29:00.303  INFO 4064 --- [main] o.s.s.concurrent.ThreadPoolTaskExecutor  : Initializing ExecutorService 'applicationTaskExecutor'
2019-09-16 01:29:00.741  INFO 4064 --- [main] d.s.w.p.DocumentationPluginsBootstrapper : Context refreshed
2019-09-16 01:29:00.769  INFO 4064 --- [main] d.s.w.p.DocumentationPluginsBootstrapper : Found 1 custom documentation plugin(s)
2019-09-16 01:29:00.797  INFO 4064 --- [main] s.d.s.w.s.ApiListingReferenceScanner     : Scanning for api listing references
2019-09-16 01:29:01.642  INFO 4064 --- [main] o.s.b.w.embedded.tomcat.TomcatWebServer  : Tomcat started on port(s): 8080 (http) with context path ''
2019-09-16 01:29:01.650  INFO 4064 --- [main] com.CurdApiApplication                   : Started CurdApiApplication in 8.612 seconds (JVM running for 10.398)
2019-09-16 01:29:07.269  INFO 4064 --- [http-nio-8080-exec-1] o.a.c.c.C.[Tomcat].[localhost].[/]       : Initializing Spring DispatcherServlet 'dispatcherServlet'
2019-09-16 01:29:07.270  INFO 4064 --- [http-nio-8080-exec-1] o.s.web.servlet.DispatcherServlet        : Initializing Servlet 'dispatcherServlet'
2019-09-16 01:29:07.290  INFO 4064 --- [http-nio-8080-exec-1] o.s.web.servlet.DispatcherServlet        : Completed initialization in 20 ms
2019-09-16 01:29:49.673  INFO 4064 --- [http-nio-8080-exec-1] com.zaxxer.hikari.HikariDataSource       : HikariPool-1 - Starting...
2019-09-16 01:29:50.540  INFO 4064 --- [http-nio-8080-exec-1] com.zaxxer.hikari.pool.PoolBase          : HikariPool-1 - Driver does not support get/set network timeout for connections. (oracle.jdbc.driver.T4CConnection.getNetworkTimeout()I)
2019-09-16 01:29:50.548  INFO 4064 --- [http-nio-8080-exec-1] com.zaxxer.hikari.HikariDataSource       : HikariPool-1 - Start completed.
2019-09-16 01:32:26.070  WARN 4064 --- [http-nio-8080-exec-2] .w.s.m.s.DefaultHandlerExceptionResolver : Resolved [org.springframework.http.converter.HttpMessageNotReadableException: JSON parse error: Unexpected character (',' (code 44)): expected a value; nested exception is com.fasterxml.jackson.core.JsonParseException: Unexpected character (',' (code 44)): expected a value
 at [Source: (PushbackInputStream); line: 6, column: 19]]
2019-09-16 04:47:46.978  WARN 4064 --- [HikariPool-1 housekeeper] com.zaxxer.hikari.pool.HikariPool        : HikariPool-1 - Thread starvation or clock leap detected (housekeeper delta=3h26s234ms286µs32ns).
